// Jest Snapshot v1, https://goo.gl/fbAQLP

exports[`Budget Komponente rendert korrekt 1`] = `
<RCTScrollView>
  <View>
    <View
      style={
        {
          "alignItems": "center",
          "backgroundColor": "white",
          "display": "flex",
          "paddingBottom": 220,
          "paddingTop": 24,
        }
      }
    >
      <View
        style={
          {
            "display": "flex",
            "flexDirection": "column",
          }
        }
      >
        <BudgetSwipeList
          budgets={
            [
              {
                "details": {
                  "amount1": "1000",
                  "amount2": "1200",
                  "dateEnd": "25.07.2024",
                  "dateStart": "25.06.2024",
                  "img": 1,
                },
                "title": "Games1",
              },
              {
                "details": {
                  "amount1": "500",
                  "amount2": "2000",
                  "dateEnd": "25.07.2024",
                  "dateStart": "25.06.2024",
                  "img": 1,
                },
                "title": "Games2",
              },
              {
                "details": {
                  "amount1": "1000",
                  "amount2": "2000",
                  "dateEnd": "25.07.2024",
                  "dateStart": "25.06.2024",
                  "img": 1,
                },
                "title": "Games3",
              },
              {
                "details": {
                  "amount1": "1000",
                  "amount2": "5000",
                  "dateEnd": "25.07.2024",
                  "dateStart": "25.06.2024",
                  "img": 1,
                },
                "title": "Games4",
              },
              {
                "details": {
                  "amount1": "1000",
                  "amount2": "1200",
                  "dateEnd": "25.07.2024",
                  "dateStart": "25.06.2024",
                  "img": 1,
                },
                "title": "Games1",
              },
              {
                "details": {
                  "amount1": "500",
                  "amount2": "2000",
                  "dateEnd": "25.07.2024",
                  "dateStart": "25.06.2024",
                  "img": 1,
                },
                "title": "Games2",
              },
              {
                "details": {
                  "amount1": "1000",
                  "amount2": "2000",
                  "dateEnd": "25.07.2024",
                  "dateStart": "25.06.2024",
                  "img": 1,
                },
                "title": "Games3",
              },
              {
                "details": {
                  "amount1": "1000",
                  "amount2": "5000",
                  "dateEnd": "25.07.2024",
                  "dateStart": "25.06.2024",
                  "img": 1,
                },
                "title": "Games4",
              },
            ]
          }
        />
      </View>
      <View
        accessibilityState={
          {
            "busy": undefined,
            "checked": undefined,
            "disabled": undefined,
            "expanded": undefined,
            "selected": undefined,
          }
        }
        accessibilityValue={
          {
            "max": undefined,
            "min": undefined,
            "now": undefined,
            "text": undefined,
          }
        }
        accessible={true}
        collapsable={false}
        focusable={true}
        onBlur={[Function]}
        onClick={[Function]}
        onFocus={[Function]}
        onResponderGrant={[Function]}
        onResponderMove={[Function]}
        onResponderRelease={[Function]}
        onResponderTerminate={[Function]}
        onResponderTerminationRequest={[Function]}
        onStartShouldSetResponder={[Function]}
        style={
          {
            "alignItems": "center",
            "backgroundColor": "#A1A6CC",
            "borderRadius": 8,
            "flex": null,
            "flexDirection": "row",
            "height": 32,
            "justifyContent": "center",
            "width": 175,
          }
        }
      >
        <Image
          source={1}
          style={
            {
              "height": 24,
              "resizeMode": "stretch",
              "width": 24,
            }
          }
        />
        <Text
          style={
            {
              "color": "#2D3142",
            }
          }
        >
          <Text
            style={
              {
                "fontFamily": "Sora-Regular",
              }
            }
          >
            <Text
              style={
                {
                  "fontFamily": "Sora-SemiBold",
                  "fontSize": 15,
                }
              }
            >
              Hinzuf√ºgen
            </Text>
          </Text>
        </Text>
      </View>
    </View>
  </View>
</RCTScrollView>
`;
