// Jest Snapshot v1, https://goo.gl/fbAQLP

exports[`HomeStart Component renders correctly 1`] = `
<View
  style={
    {
      "alignItems": "center",
      "backgroundColor": "white",
      "display": "flex",
      "gap": 20,
      "height": "100%",
    }
  }
>
  <HomeHeader
    props={
      {
        "amount": "123.456,89",
        "name": "John",
        "profilePicture": 1,
      }
    }
  />
  <HomeIE
    props={
      {
        "eAmount": "7.890,12",
        "iAmount": "1.234,56",
      }
    }
  />
  <View>
    <Text
      style={
        {
          "fontFamily": "Sora-Regular",
        }
      }
    >
      <Text
        style={
          {
            "fontFamily": "Sora-Bold",
            "fontSize": 20,
            "lineHeight": 24,
          }
        }
      >
        Transaktionen
      </Text>
    </Text>
    <TransactionSwipeList
      height={264}
      transactions={
        [
          {
            "amount": "50.00",
            "date": "2024-07-10",
            "id": 1,
            "type": "expense",
          },
          {
            "amount": "100.00",
            "date": "2024-07-09",
            "id": 2,
            "type": "income",
          },
        ]
      }
    />
  </View>
</View>
`;
