// Jest Snapshot v1, https://goo.gl/fbAQLP

exports[`NotificationStart Komponente rendert korrekt 1`] = `
<View
  style={
    {
      "alignItems": "center",
      "backgroundColor": "white",
      "display": "flex",
      "flexDirection": "column",
      "justifyContent": "flex-start",
      "paddingBottom": 160,
    }
  }
>
  <View
    style={
      {
        "left": 16,
        "position": "absolute",
        "top": 16,
      }
    }
  >
    <View
      accessibilityState={
        {
          "busy": undefined,
          "checked": undefined,
          "disabled": undefined,
          "expanded": undefined,
          "selected": undefined,
        }
      }
      accessibilityValue={
        {
          "max": undefined,
          "min": undefined,
          "now": undefined,
          "text": undefined,
        }
      }
      accessible={true}
      collapsable={false}
      focusable={true}
      onBlur={[Function]}
      onClick={[Function]}
      onFocus={[Function]}
      onResponderGrant={[Function]}
      onResponderMove={[Function]}
      onResponderRelease={[Function]}
      onResponderTerminate={[Function]}
      onResponderTerminationRequest={[Function]}
      onStartShouldSetResponder={[Function]}
      style={
        {
          "alignItems": "center",
          "display": "flex",
          "flexDirection": "row",
          "height": 24,
          "justifyContent": "flex-start",
        }
      }
    >
      <Image
        source={1}
        style={
          {
            "height": 24,
            "resizeMode": "stretch",
            "width": 24,
          }
        }
      />
      <Text
        style={
          {
            "alignContent": "center",
            "color": "#2D3142",
            "height": 24,
          }
        }
      >
        <Text
          style={
            {
              "fontFamily": "Sora-Regular",
            }
          }
        >
          <Text
            style={
              {
                "fontFamily": "Sora-SemiBold",
                "fontSize": 15,
              }
            }
          >
            zurück
          </Text>
        </Text>
      </Text>
    </View>
  </View>
  <View
    style={
      {
        "alignItems": "center",
        "marginTop": 40,
      }
    }
  >
    <Text
      style={
        {
          "fontFamily": "Sora-Regular",
        }
      }
    >
      <Text
        style={
          {
            "fontFamily": "Sora-Bold",
            "fontSize": 20,
            "lineHeight": 24,
          }
        }
      >
        Mitteilungen
      </Text>
    </Text>
  </View>
  <View
    style={
      {
        "alignItems": "center",
        "display": "flex",
        "justifyContent": "flex-start",
        "paddingTop": 20,
        "width": "100%",
      }
    }
  >
    <View
      style={
        {
          "alignItems": "center",
          "display": "flex",
        }
      }
    >
      <RCTScrollView
        data={
          [
            {
              "label": "Mitteilungen erhalten",
            },
            {
              "label": "Töne",
            },
            {
              "label": "Kennzeichen",
            },
            {
              "label": "Banner",
            },
          ]
        }
        getItem={[Function]}
        getItemCount={[Function]}
        keyExtractor={[Function]}
        onContentSizeChange={[Function]}
        onLayout={[Function]}
        onMomentumScrollBegin={[Function]}
        onMomentumScrollEnd={[Function]}
        onScroll={[Function]}
        onScrollBeginDrag={[Function]}
        onScrollEndDrag={[Function]}
        removeClippedSubviews={false}
        renderItem={[Function]}
        scrollEventThrottle={0.0001}
        stickyHeaderIndices={[]}
        viewabilityConfigCallbackPairs={[]}
      >
        <View>
          <View
            onFocusCapture={[Function]}
            onLayout={[Function]}
            style={null}
          >
            <View
              style={
                [
                  {
                    "alignItems": "center",
                    "borderBottomColor": "#7D8091",
                    "borderBottomWidth": 0.5,
                    "display": "flex",
                    "flexDirection": "row",
                    "justifyContent": "space-between",
                    "paddingVertical": 10,
                    "width": 292,
                  },
                  false,
                ]
              }
            >
              <Text
                style={
                  {
                    "color": "#2D3142",
                  }
                }
              >
                <Text
                  style={
                    {
                      "fontFamily": "Sora-Regular",
                    }
                  }
                >
                  <Text
                    style={
                      {
                        "fontFamily": "Sora-Bold",
                        "fontSize": 15,
                      }
                    }
                  >
                    Mitteilungen erhalten
                  </Text>
                </Text>
              </Text>
              <View
                accessibilityState={
                  {
                    "busy": undefined,
                    "checked": undefined,
                    "disabled": undefined,
                    "expanded": undefined,
                    "selected": undefined,
                  }
                }
                accessibilityValue={
                  {
                    "max": undefined,
                    "min": undefined,
                    "now": undefined,
                    "text": undefined,
                  }
                }
                accessible={true}
                collapsable={false}
                focusable={true}
                onBlur={[Function]}
                onClick={[Function]}
                onFocus={[Function]}
                onResponderGrant={[Function]}
                onResponderMove={[Function]}
                onResponderRelease={[Function]}
                onResponderTerminate={[Function]}
                onResponderTerminationRequest={[Function]}
                onStartShouldSetResponder={[Function]}
                style={
                  [
                    {
                      "alignContent": "center",
                      "borderRadius": 25,
                      "flexDirection": "row",
                      "height": 26,
                      "padding": 4,
                      "width": 58,
                    },
                    {
                      "backgroundColor": "#D5DFF4",
                      "justifyContent": "flex-start",
                    },
                  ]
                }
              >
                <View
                  style={
                    [
                      {
                        "borderRadius": 18,
                        "height": 18,
                        "width": 18,
                      },
                      {
                        "backgroundColor": "#424874",
                      },
                    ]
                  }
                />
              </View>
            </View>
          </View>
          <View
            onFocusCapture={[Function]}
            onLayout={[Function]}
            style={null}
          >
            <View
              style={
                [
                  {
                    "alignItems": "center",
                    "borderBottomColor": "#7D8091",
                    "borderBottomWidth": 0.5,
                    "display": "flex",
                    "flexDirection": "row",
                    "justifyContent": "space-between",
                    "paddingVertical": 10,
                    "width": 292,
                  },
                  false,
                ]
              }
            >
              <Text
                style={
                  {
                    "color": "#2D3142",
                  }
                }
              >
                <Text
                  style={
                    {
                      "fontFamily": "Sora-Regular",
                    }
                  }
                >
                  <Text
                    style={
                      {
                        "fontFamily": "Sora-Bold",
                        "fontSize": 15,
                      }
                    }
                  >
                    Töne
                  </Text>
                </Text>
              </Text>
              <View
                accessibilityState={
                  {
                    "busy": undefined,
                    "checked": undefined,
                    "disabled": undefined,
                    "expanded": undefined,
                    "selected": undefined,
                  }
                }
                accessibilityValue={
                  {
                    "max": undefined,
                    "min": undefined,
                    "now": undefined,
                    "text": undefined,
                  }
                }
                accessible={true}
                collapsable={false}
                focusable={true}
                onBlur={[Function]}
                onClick={[Function]}
                onFocus={[Function]}
                onResponderGrant={[Function]}
                onResponderMove={[Function]}
                onResponderRelease={[Function]}
                onResponderTerminate={[Function]}
                onResponderTerminationRequest={[Function]}
                onStartShouldSetResponder={[Function]}
                style={
                  [
                    {
                      "alignContent": "center",
                      "borderRadius": 25,
                      "flexDirection": "row",
                      "height": 26,
                      "padding": 4,
                      "width": 58,
                    },
                    {
                      "backgroundColor": "#D5DFF4",
                      "justifyContent": "flex-start",
                    },
                  ]
                }
              >
                <View
                  style={
                    [
                      {
                        "borderRadius": 18,
                        "height": 18,
                        "width": 18,
                      },
                      {
                        "backgroundColor": "#424874",
                      },
                    ]
                  }
                />
              </View>
            </View>
          </View>
          <View
            onFocusCapture={[Function]}
            onLayout={[Function]}
            style={null}
          >
            <View
              style={
                [
                  {
                    "alignItems": "center",
                    "borderBottomColor": "#7D8091",
                    "borderBottomWidth": 0.5,
                    "display": "flex",
                    "flexDirection": "row",
                    "justifyContent": "space-between",
                    "paddingVertical": 10,
                    "width": 292,
                  },
                  false,
                ]
              }
            >
              <Text
                style={
                  {
                    "color": "#2D3142",
                  }
                }
              >
                <Text
                  style={
                    {
                      "fontFamily": "Sora-Regular",
                    }
                  }
                >
                  <Text
                    style={
                      {
                        "fontFamily": "Sora-Bold",
                        "fontSize": 15,
                      }
                    }
                  >
                    Kennzeichen
                  </Text>
                </Text>
              </Text>
              <View
                accessibilityState={
                  {
                    "busy": undefined,
                    "checked": undefined,
                    "disabled": undefined,
                    "expanded": undefined,
                    "selected": undefined,
                  }
                }
                accessibilityValue={
                  {
                    "max": undefined,
                    "min": undefined,
                    "now": undefined,
                    "text": undefined,
                  }
                }
                accessible={true}
                collapsable={false}
                focusable={true}
                onBlur={[Function]}
                onClick={[Function]}
                onFocus={[Function]}
                onResponderGrant={[Function]}
                onResponderMove={[Function]}
                onResponderRelease={[Function]}
                onResponderTerminate={[Function]}
                onResponderTerminationRequest={[Function]}
                onStartShouldSetResponder={[Function]}
                style={
                  [
                    {
                      "alignContent": "center",
                      "borderRadius": 25,
                      "flexDirection": "row",
                      "height": 26,
                      "padding": 4,
                      "width": 58,
                    },
                    {
                      "backgroundColor": "#D5DFF4",
                      "justifyContent": "flex-start",
                    },
                  ]
                }
              >
                <View
                  style={
                    [
                      {
                        "borderRadius": 18,
                        "height": 18,
                        "width": 18,
                      },
                      {
                        "backgroundColor": "#424874",
                      },
                    ]
                  }
                />
              </View>
            </View>
          </View>
          <View
            onFocusCapture={[Function]}
            onLayout={[Function]}
            style={null}
          >
            <View
              style={
                [
                  {
                    "alignItems": "center",
                    "borderBottomColor": "#7D8091",
                    "borderBottomWidth": 0.5,
                    "display": "flex",
                    "flexDirection": "row",
                    "justifyContent": "space-between",
                    "paddingVertical": 10,
                    "width": 292,
                  },
                  {
                    "borderBottomWidth": 0,
                  },
                ]
              }
            >
              <Text
                style={
                  {
                    "color": "#2D3142",
                  }
                }
              >
                <Text
                  style={
                    {
                      "fontFamily": "Sora-Regular",
                    }
                  }
                >
                  <Text
                    style={
                      {
                        "fontFamily": "Sora-Bold",
                        "fontSize": 15,
                      }
                    }
                  >
                    Banner
                  </Text>
                </Text>
              </Text>
              <View
                accessibilityState={
                  {
                    "busy": undefined,
                    "checked": undefined,
                    "disabled": undefined,
                    "expanded": undefined,
                    "selected": undefined,
                  }
                }
                accessibilityValue={
                  {
                    "max": undefined,
                    "min": undefined,
                    "now": undefined,
                    "text": undefined,
                  }
                }
                accessible={true}
                collapsable={false}
                focusable={true}
                onBlur={[Function]}
                onClick={[Function]}
                onFocus={[Function]}
                onResponderGrant={[Function]}
                onResponderMove={[Function]}
                onResponderRelease={[Function]}
                onResponderTerminate={[Function]}
                onResponderTerminationRequest={[Function]}
                onStartShouldSetResponder={[Function]}
                style={
                  [
                    {
                      "alignContent": "center",
                      "borderRadius": 25,
                      "flexDirection": "row",
                      "height": 26,
                      "padding": 4,
                      "width": 58,
                    },
                    {
                      "backgroundColor": "#D5DFF4",
                      "justifyContent": "flex-start",
                    },
                  ]
                }
              >
                <View
                  style={
                    [
                      {
                        "borderRadius": 18,
                        "height": 18,
                        "width": 18,
                      },
                      {
                        "backgroundColor": "#424874",
                      },
                    ]
                  }
                />
              </View>
            </View>
          </View>
        </View>
      </RCTScrollView>
    </View>
  </View>
</View>
`;
